Membre d'archive inclu pour satisfaire la référence par fichier (symbole)

/home/boulay/Documents/libpip/lib/libpip.a(debugout.o)
                              main.o (Pip_Debug_Puts)
/home/boulay/Documents/libpip/lib/libpip.a(paging.o)
                              main.o (Pip_InitPaging)
/home/boulay/Documents/libpip/lib/libpip.a(vidt.o)
                              main.o (Pip_RegisterInterrupt)
/home/boulay/Documents/libpip/lib/libpip.a(wrappers.o)
                              main.o (Pip_MapPageWrapper)
/home/boulay/Documents/libpip/lib/libpip.a(apicall.o)
                              main.o (__Arch_APICall_1)
/home/boulay/Documents/libpip/lib/libpip.a(serial.o)
                              main.o (Pip_Debug_Putc)
/home/boulay/Documents/libpip/lib/libpip.a(farcall.o)
                              /home/boulay/Documents/libpip/lib/libpip.a(apicall.o) (outb)

Allocation des symboles communs
Symbole commun      taille            fichier

used                0x4               main.o
length              0x4               main.o
currchild           0x4               main.o
BTVS                0x50              main.o
offset              0x4               main.o

Configuration mémoire

Nom              Origine            Longueur           Attributs
*default*        0x0000000000000000 0xffffffffffffffff

Script de l'éditeurs de liens and table de projection mémoire

LOAD 0boot.o
LOAD partition.o
LOAD main.o
LOAD test.o

.text           0x0000000000700000     0x2000
                0x0000000000700000                text = .
                0x0000000000700000                _text = .
                0x0000000000700000                __text = .
 *(.text)
 .text          0x0000000000700000       0x20 0boot.o
                0x0000000000700000                boot
                0x0000000000700010                timerAsm
                0x0000000000700018                takebackAsm
 .text          0x0000000000700020        0x0 partition.o
 .text          0x0000000000700020      0x9c4 main.o
                0x0000000000700020                AllocAll
                0x000000000070006d                timerHandler
                0x00000000007000c9                takebackHandler
                0x00000000007001f5                multiWrapp
                0x00000000007002cd                main
 .text          0x00000000007009e4      0x326 test.o
                0x00000000007009e4                log1
                0x0000000000700a4f                parse_bootinfo
                0x0000000000700b16                testSet
                0x0000000000700b1c                testsSet2
                0x0000000000700b22                testOnPages
                0x0000000000700cd9                addVAddrTest
 *fill*         0x0000000000700d0a        0x6 
 .text          0x0000000000700d10      0x113 /home/boulay/Documents/libpip/lib/libpip.a(debugout.o)
                0x0000000000700d10                Pip_Debug_Puts
                0x0000000000700d40                Pip_Debug_PutHex
                0x0000000000700da0                Pip_Debug_PutDec
 *fill*         0x0000000000700e23        0xd 
 .text          0x0000000000700e30       0xb2 /home/boulay/Documents/libpip/lib/libpip.a(paging.o)
                0x0000000000700e30                Pip_InitPaging
                0x0000000000700eb0                Pip_AllocPage
                0x0000000000700ed0                Pip_FreePage
 *fill*         0x0000000000700ee2        0xe 
 .text          0x0000000000700ef0       0x58 /home/boulay/Documents/libpip/lib/libpip.a(vidt.o)
                0x0000000000700ef0                registerIntBase
                0x0000000000700f10                Pip_RegisterInterrupt
                0x0000000000700f30                Pip_VCLI
                0x0000000000700f40                Pip_VSTI
 *fill*         0x0000000000700f48        0x8 
 .text          0x0000000000700f50       0xf0 /home/boulay/Documents/libpip/lib/libpip.a(wrappers.o)
                0x0000000000700f50                Pip_MapPageWrapper
                0x0000000000701020                Pip_Notify
 .text          0x0000000000701040      0x250 /home/boulay/Documents/libpip/lib/libpip.a(apicall.o)
                0x0000000000701040                __Arch_APICall_0
                0x0000000000701060                __Arch_APICall_1
                0x00000000007010f0                __Arch_APICall_2
                0x0000000000701190                __Arch_APICall_3
                0x00000000007011a0                __Arch_APICall_4
                0x00000000007011e0                __Arch_APICall_5
                0x0000000000701240                __Arch_APICall_6
 .text          0x0000000000701290       0x3e /home/boulay/Documents/libpip/lib/libpip.a(serial.o)
                0x0000000000701290                Pip_Debug_Putc
 .text          0x00000000007012ce      0x1b9 /home/boulay/Documents/libpip/lib/libpip.a(farcall.o)
                0x00000000007012ce                outb
                0x00000000007012f1                inb
                0x0000000000701310                outw
                0x0000000000701333                inw
                0x0000000000701352                outl
                0x0000000000701375                inl
                0x0000000000701394                outaddrl
                0x00000000007013b7                createPartition
                0x00000000007013d3                pageMapCount
                0x00000000007013e3                prepare
                0x00000000007013fb                mapPage
                0x000000000070141b                dispatch
                0x0000000000701437                pip_time
                0x000000000070143f                resume
                0x000000000070144f                unmapPage
                0x000000000070145f                mappedInChild
                0x000000000070146b                deletePartition
                0x0000000000701477                collect
                0x0000000000702000                . = ALIGN (0x1000)
 *fill*         0x0000000000701487      0xb79 

.eh_frame       0x0000000000702000      0x500
 .eh_frame      0x0000000000702000       0xd8 main.o
 .eh_frame      0x00000000007020d8       0xc0 test.o
                                         0xd8 (taille avant relaxe)
 .eh_frame      0x0000000000702198       0xb4 /home/boulay/Documents/libpip/lib/libpip.a(debugout.o)
                                         0xcc (taille avant relaxe)
 .eh_frame      0x000000000070224c       0x58 /home/boulay/Documents/libpip/lib/libpip.a(paging.o)
                                         0x70 (taille avant relaxe)
 .eh_frame      0x00000000007022a4       0x50 /home/boulay/Documents/libpip/lib/libpip.a(vidt.o)
                                         0x68 (taille avant relaxe)
 .eh_frame      0x00000000007022f4       0xe4 /home/boulay/Documents/libpip/lib/libpip.a(wrappers.o)
                                         0xfc (taille avant relaxe)
 .eh_frame      0x00000000007023d8       0xf0 /home/boulay/Documents/libpip/lib/libpip.a(apicall.o)
                                        0x108 (taille avant relaxe)
 .eh_frame      0x00000000007024c8       0x38 /home/boulay/Documents/libpip/lib/libpip.a(serial.o)
                                         0x50 (taille avant relaxe)

.rodata.str1.4  0x0000000000702500       0x8c
 .rodata.str1.4
                0x0000000000702500       0x2b /home/boulay/Documents/libpip/lib/libpip.a(paging.o)
 *fill*         0x000000000070252b        0x1 
 .rodata.str1.4
                0x000000000070252c       0x60 /home/boulay/Documents/libpip/lib/libpip.a(wrappers.o)
                                         0x5d (taille avant relaxe)

.rodata.str1.1  0x000000000070258c       0x13
 .rodata.str1.1
                0x000000000070258c       0x13 /home/boulay/Documents/libpip/lib/libpip.a(paging.o)

.rel.dyn        0x00000000007025a0        0x0
 .rel.text      0x00000000007025a0        0x0 0boot.o
 .rel.rodata    0x00000000007025a0        0x0 0boot.o

.fpart          0x0000000000704000     0x2706
                0x0000000000704000                _fpart = .
 *(.fpart)
 .fpart         0x0000000000704000     0x2000 partition.o
                0x0000000000706706                . = ALIGN (0x1001)
 *fill*         0x0000000000706000      0x706 
                0x0000000000706706                _efpart = .

.comment        0x0000000000000000       0x2d
 .comment       0x0000000000000000       0x2d main.o
                                         0x2e (taille avant relaxe)
 .comment       0x000000000000002d       0x2e test.o
 .comment       0x000000000000002d       0x2e /home/boulay/Documents/libpip/lib/libpip.a(debugout.o)
 .comment       0x000000000000002d       0x2e /home/boulay/Documents/libpip/lib/libpip.a(paging.o)
 .comment       0x000000000000002d       0x2e /home/boulay/Documents/libpip/lib/libpip.a(vidt.o)
 .comment       0x000000000000002d       0x2e /home/boulay/Documents/libpip/lib/libpip.a(wrappers.o)
 .comment       0x000000000000002d       0x2e /home/boulay/Documents/libpip/lib/libpip.a(apicall.o)
 .comment       0x000000000000002d       0x2e /home/boulay/Documents/libpip/lib/libpip.a(serial.o)

.note.GNU-stack
                0x0000000000000000        0x0
 .note.GNU-stack
                0x0000000000000000        0x0 main.o
 .note.GNU-stack
                0x0000000000000000        0x0 test.o
 .note.GNU-stack
                0x0000000000000000        0x0 /home/boulay/Documents/libpip/lib/libpip.a(debugout.o)
 .note.GNU-stack
                0x0000000000000000        0x0 /home/boulay/Documents/libpip/lib/libpip.a(paging.o)
 .note.GNU-stack
                0x0000000000000000        0x0 /home/boulay/Documents/libpip/lib/libpip.a(vidt.o)
 .note.GNU-stack
                0x0000000000000000        0x0 /home/boulay/Documents/libpip/lib/libpip.a(wrappers.o)
 .note.GNU-stack
                0x0000000000000000        0x0 /home/boulay/Documents/libpip/lib/libpip.a(apicall.o)
 .note.GNU-stack
                0x0000000000000000        0x0 /home/boulay/Documents/libpip/lib/libpip.a(serial.o)

.bss            0x0000000000706720      0x954
                0x0000000000706720                bss = .
                0x0000000000706720                _bss = .
                0x0000000000706720                __bss = .
 *(.bss)
 .bss           0x0000000000706720        0x0 0boot.o
 .bss           0x0000000000706720        0x0 partition.o
 .bss           0x0000000000706720        0x8 main.o
                0x0000000000706720                atests
                0x0000000000706724                tests
 .bss           0x0000000000706728        0x0 test.o
 .bss           0x0000000000706728        0x0 /home/boulay/Documents/libpip/lib/libpip.a(debugout.o)
 .bss           0x0000000000706728        0x4 /home/boulay/Documents/libpip/lib/libpip.a(paging.o)
                0x0000000000706728                Pager_FirstFreePage
 .bss           0x000000000070672c        0x0 /home/boulay/Documents/libpip/lib/libpip.a(vidt.o)
 .bss           0x000000000070672c        0x0 /home/boulay/Documents/libpip/lib/libpip.a(wrappers.o)
 .bss           0x000000000070672c        0x0 /home/boulay/Documents/libpip/lib/libpip.a(apicall.o)
 .bss           0x000000000070672c        0x0 /home/boulay/Documents/libpip/lib/libpip.a(serial.o)
 .bss           0x000000000070672c        0x0 /home/boulay/Documents/libpip/lib/libpip.a(farcall.o)
                0x0000000000707000                . = ALIGN (0x1000)
 *fill*         0x000000000070672c      0x8d4 
 COMMON         0x0000000000707000       0x74 main.o
                0x0000000000707000                used
                0x0000000000707004                length
                0x0000000000707008                currchild
                0x0000000000707020                BTVS
                0x0000000000707070                offset

.data           0x0000000000707074      0xf8c
                0x0000000000707074                data = .
                0x0000000000707074                _data = .
                0x0000000000707074                __data = .
 *(.data)
 .data          0x0000000000707074        0x0 0boot.o
 .data          0x0000000000707074        0x0 partition.o
 .data          0x0000000000707074        0x0 main.o
 .data          0x0000000000707074        0x0 test.o
 .data          0x0000000000707074        0x0 /home/boulay/Documents/libpip/lib/libpip.a(debugout.o)
 .data          0x0000000000707074        0x0 /home/boulay/Documents/libpip/lib/libpip.a(paging.o)
 .data          0x0000000000707074        0x0 /home/boulay/Documents/libpip/lib/libpip.a(vidt.o)
 .data          0x0000000000707074        0x0 /home/boulay/Documents/libpip/lib/libpip.a(wrappers.o)
 .data          0x0000000000707074        0x0 /home/boulay/Documents/libpip/lib/libpip.a(apicall.o)
 .data          0x0000000000707074        0x0 /home/boulay/Documents/libpip/lib/libpip.a(serial.o)
 .data          0x0000000000707074        0x0 /home/boulay/Documents/libpip/lib/libpip.a(farcall.o)
 *(.rodata)
 .rodata        0x0000000000707074      0x499 main.o
 *fill*         0x000000000070750d        0x3 
 .rodata        0x0000000000707510      0x1e0 test.o
 .rodata        0x00000000007076f0       0x6c /home/boulay/Documents/libpip/lib/libpip.a(apicall.o)
                0x0000000000708000                . = ALIGN (0x1000)
 *fill*         0x000000000070775c      0x8a4 
LOAD /home/boulay/Documents/libpip/lib/libpip.a
OUTPUT(pipTest.bin.elf elf32-i386)
